<?xml version="1.0" encoding="utf-8"?><testsuites name="pytest tests"><testsuite name="pytest" errors="0" failures="0" skipped="0" tests="1" time="0.250" timestamp="2026-04-14T11:14:13.210082-07:00" hostname="ubuntu"><testcase classname="tests.test_unit" name="test_token_serialization" time="0.001" /></testsuite></testsuites>